// Jest Snapshot v1, https://goo.gl/fbAQLP

exports[`matches the app snapshot 1`] = `
<BrowserRouter>
  <App />
</BrowserRouter>
`;
